// Jest Snapshot v1, https://goo.gl/fbAQLP

exports[`reducer returns initial state 1`] = `
Object {
  "limit": 15,
  "search": "",
  "searchBy": "title",
  "sortBy": "release_date",
  "sortOrder": "desc",
}
`;

exports[`reducer sets search params 1`] = `
Object {
  "limit": 20,
  "search": "Horror",
  "searchBy": "genre",
}
`;
