// Jest Snapshot v1, https://goo.gl/fbAQLP

exports[`SearchForm component renders correctly 1`] = `
<SearchFormContainer>
  <form
    name="search-form"
    onSubmit={[Function]}
  >
    <FormRow>
      <FormLabel
        className="uppercase"
      >
        Find your movie
      </FormLabel>
    </FormRow>
    <FormRow>
      <SearchInput
        defaultValue=""
        innerRef={
          Object {
            "current": null,
          }
        }
        name="search"
        type="text"
      />
    </FormRow>
    <FormRow
      className="uppercase"
    >
      <Radio
        defaultValue="title"
        label="Search by"
        name="searchBy"
        options={
          Array [
            Object {
              "name": "Title",
              "value": "title",
            },
            Object {
              "name": "Genre",
              "value": "genres",
            },
          ]
        }
        style="button"
      />
      <div
        className="flex-grow align-right"
      >
        <Button
          primary={true}
          type="submit"
          value="Search"
        />
      </div>
    </FormRow>
  </form>
</SearchFormContainer>
`;
