// Jest Snapshot v1, https://goo.gl/fbAQLP

exports[`FilmsGrid component renders correctly 1`] = `
<div
  className="film-grid padding-content"
  data-cy="film-grid"
>
  <FilmsGridItem
    film={
      Object {
        "genres": Array [
          "some genre",
          "another genre",
        ],
        "id": 1,
        "overview": "Film overview",
        "poster_path": "http://via.placeholder.com/500x750",
        "release_date": "2018-05-04",
        "title": "Film title",
      }
    }
    key="1"
  />
</div>
`;
