// Jest Snapshot v1, https://goo.gl/fbAQLP

exports[`FilmsGridItem component renders correctly 1`] = `
<a
  className="film-grid-item hover-effect"
  data-cy="film-grid-item"
  href="?id=1"
  tabIndex={0}
>
  <ContentImage
    alt="Film title"
    src="http://via.placeholder.com/500x750"
    title="Film overview"
  />
  <div
    className="film-grid-item__info"
  >
    <div
      className="film-grid-item__row film-grid-item__title"
    >
      <span
        className="uppercase font-bold"
      >
        Film title
      </span>
      <span
        className="film-grid-item__date font-size-small color-alt"
      >
        2018
      </span>
    </div>
    <div
      className="film-grid-item__row color-alt"
    >
      some genre, another genre
    </div>
  </div>
</a>
`;
