// Jest Snapshot v1, https://goo.gl/fbAQLP

exports[`App component renders correctly 1`] = `
<Provider
  store={
    Object {
      "dispatch": [MockFunction],
      "getState": [MockFunction],
      "subscribe": [MockFunction],
    }
  }
>
  <ErrorBoundary>
    <mockConstructor
      context={
        Object {
          "url": "",
        }
      }
      location=""
    >
      <Switch>
        <Route
          component={[Function]}
          path="/search/:search?"
        />
        <Route
          component={[Function]}
          path="/film/:id"
        />
        <Redirect
          exact={true}
          from="/"
          to="/search"
        />
        <Route
          component={[Function]}
        />
      </Switch>
      <ToastContainer
        autoClose={false}
        bodyClassName={null}
        className={null}
        closeButton={
          <CloseButton
            ariaLabel="close"
          />
        }
        closeOnClick={true}
        draggable={true}
        draggablePercent={80}
        hideProgressBar={false}
        newestOnTop={false}
        pauseOnFocusLoss={true}
        pauseOnHover={true}
        position="bottom-center"
        progressClassName={null}
        progressStyle={null}
        role="alert"
        rtl={false}
        style={null}
        toastClassName={null}
        transition={[Function]}
      />
    </mockConstructor>
  </ErrorBoundary>
</Provider>
`;
